PHPUnit 11.5.46 by Sebastian Bergmann and contributors.

Runtime:       PHP 8.2.12
Configuration: C:\laragon\www\hotelapp\phpunit.xml

E                                                                   1 / 1 (100%)

Time: 00:04.897, Memory: 64.00 MB

There was 1 error:

1) Tests\Feature\PosRoomChargeTest::it_correctly_processes_a_pos_room_charge
Illuminate\Database\QueryException: SQLSTATE[HY000]: General error: 1 table "permissions" already exists (Connection: sqlite, SQL: create table "permissions" ("id" integer primary key autoincrement not null, "name" varchar not null, "slug" varchar not null, "module" varchar not null, "description" text, "created_at" datetime, "updated_at" datetime))

C:\laragon\www\hotelapp\vendor\laravel\framework\src\Illuminate\Database\Connection.php:826
C:\laragon\www\hotelapp\vendor\laravel\framework\src\Illuminate\Database\Connection.php:780
C:\laragon\www\hotelapp\vendor\laravel\framework\src\Illuminate\Database\Connection.php:559
C:\laragon\www\hotelapp\vendor\laravel\framework\src\Illuminate\Database\Schema\Blueprint.php:121
C:\laragon\www\hotelapp\vendor\laravel\framework\src\Illuminate\Database\Schema\Builder.php:650
C:\laragon\www\hotelapp\vendor\laravel\framework\src\Illuminate\Database\Schema\Builder.php:504
C:\laragon\www\hotelapp\vendor\laravel\framework\src\Illuminate\Support\Facades\Facade.php:363
C:\laragon\www\hotelapp\database\migrations\2026_01_01_102330_create_permissions_table.php:14
C:\laragon\www\hotelapp\vendor\laravel\framework\src\Illuminate\Database\Migrations\Migrator.php:517
C:\laragon\www\hotelapp\vendor\laravel\framework\src\Illuminate\Database\Migrations\Migrator.php:442
C:\laragon\www\hotelapp\vendor\laravel\framework\src\Illuminate\Database\Migrations\Migrator.php:451
C:\laragon\www\hotelapp\vendor\laravel\framework\src\Illuminate\Database\Migrations\Migrator.php:253
C:\laragon\www\hotelapp\vendor\laravel\framework\src\Illuminate\Console\View\Components\Task.php:41
C:\laragon\www\hotelapp\vendor\laravel\framework\src\Illuminate\Database\Migrations\Migrator.php:812
C:\laragon\www\hotelapp\vendor\laravel\framework\src\Illuminate\Database\Migrations\Migrator.php:253
C:\laragon\www\hotelapp\vendor\laravel\framework\src\Illuminate\Database\Migrations\Migrator.php:211
C:\laragon\www\hotelapp\vendor\laravel\framework\src\Illuminate\Database\Migrations\Migrator.php:138
C:\laragon\www\hotelapp\vendor\laravel\framework\src\Illuminate\Database\Console\Migrations\MigrateCommand.php:116
C:\laragon\www\hotelapp\vendor\laravel\framework\src\Illuminate\Database\Migrations\Migrator.php:669
C:\laragon\www\hotelapp\vendor\laravel\framework\src\Illuminate\Database\Console\Migrations\MigrateCommand.php:109
C:\laragon\www\hotelapp\vendor\laravel\framework\src\Illuminate\Database\Console\Migrations\MigrateCommand.php:88
C:\laragon\www\hotelapp\vendor\laravel\framework\src\Illuminate\Container\BoundMethod.php:36
C:\laragon\www\hotelapp\vendor\laravel\framework\src\Illuminate\Container\Util.php:43
C:\laragon\www\hotelapp\vendor\laravel\framework\src\Illuminate\Container\BoundMethod.php:96
C:\laragon\www\hotelapp\vendor\laravel\framework\src\Illuminate\Container\BoundMethod.php:35
C:\laragon\www\hotelapp\vendor\laravel\framework\src\Illuminate\Container\Container.php:799
C:\laragon\www\hotelapp\vendor\laravel\framework\src\Illuminate\Console\Command.php:211
C:\laragon\www\hotelapp\vendor\symfony\console\Command\Command.php:341
C:\laragon\www\hotelapp\vendor\laravel\framework\src\Illuminate\Console\Command.php:180
C:\laragon\www\hotelapp\vendor\laravel\framework\src\Illuminate\Console\Concerns\CallsCommands.php:68
C:\laragon\www\hotelapp\vendor\laravel\framework\src\Illuminate\Console\Concerns\CallsCommands.php:29
C:\laragon\www\hotelapp\vendor\laravel\framework\src\Illuminate\Database\Console\Migrations\FreshCommand.php:81
C:\laragon\www\hotelapp\vendor\laravel\framework\src\Illuminate\Container\BoundMethod.php:36
C:\laragon\www\hotelapp\vendor\laravel\framework\src\Illuminate\Container\Util.php:43
C:\laragon\www\hotelapp\vendor\laravel\framework\src\Illuminate\Container\BoundMethod.php:96
C:\laragon\www\hotelapp\vendor\laravel\framework\src\Illuminate\Container\BoundMethod.php:35
C:\laragon\www\hotelapp\vendor\laravel\framework\src\Illuminate\Container\Container.php:799
C:\laragon\www\hotelapp\vendor\laravel\framework\src\Illuminate\Console\Command.php:211
C:\laragon\www\hotelapp\vendor\symfony\console\Command\Command.php:341
C:\laragon\www\hotelapp\vendor\laravel\framework\src\Illuminate\Console\Command.php:180
C:\laragon\www\hotelapp\vendor\symfony\console\Application.php:1079
C:\laragon\www\hotelapp\vendor\symfony\console\Application.php:356
C:\laragon\www\hotelapp\vendor\symfony\console\Application.php:195
C:\laragon\www\hotelapp\vendor\laravel\framework\src\Illuminate\Console\Application.php:165
C:\laragon\www\hotelapp\vendor\laravel\framework\src\Illuminate\Foundation\Console\Kernel.php:447
C:\laragon\www\hotelapp\vendor\laravel\framework\src\Illuminate\Testing\PendingCommand.php:451
C:\laragon\www\hotelapp\vendor\laravel\framework\src\Illuminate\Testing\PendingCommand.php:675
C:\laragon\www\hotelapp\vendor\laravel\framework\src\Illuminate\Foundation\Testing\Concerns\InteractsWithConsole.php:87
C:\laragon\www\hotelapp\vendor\laravel\framework\src\Illuminate\Foundation\Testing\RefreshDatabase.php:119
C:\laragon\www\hotelapp\vendor\laravel\framework\src\Illuminate\Foundation\Testing\RefreshDatabase.php:84
C:\laragon\www\hotelapp\vendor\laravel\framework\src\Illuminate\Foundation\Testing\RefreshDatabase.php:25
C:\laragon\www\hotelapp\vendor\laravel\framework\src\Illuminate\Foundation\Testing\Concerns\InteractsWithTestCaseLifecycle.php:209
C:\laragon\www\hotelapp\vendor\laravel\framework\src\Illuminate\Foundation\Testing\Concerns\InteractsWithTestCaseLifecycle.php:97
C:\laragon\www\hotelapp\vendor\laravel\framework\src\Illuminate\Foundation\Testing\TestCase.php:63
C:\laragon\www\hotelapp\tests\Feature\PosRoomChargeTest.php:25

Caused by
PDOException: SQLSTATE[HY000]: General error: 1 table "permissions" already exists

C:\laragon\www\hotelapp\vendor\laravel\framework\src\Illuminate\Database\Connection.php:564
C:\laragon\www\hotelapp\vendor\laravel\framework\src\Illuminate\Database\Connection.php:813
C:\laragon\www\hotelapp\vendor\laravel\framework\src\Illuminate\Database\Connection.php:780
C:\laragon\www\hotelapp\vendor\laravel\framework\src\Illuminate\Database\Connection.php:559
C:\laragon\www\hotelapp\vendor\laravel\framework\src\Illuminate\Database\Schema\Blueprint.php:121
C:\laragon\www\hotelapp\vendor\laravel\framework\src\Illuminate\Database\Schema\Builder.php:650
C:\laragon\www\hotelapp\vendor\laravel\framework\src\Illuminate\Database\Schema\Builder.php:504
C:\laragon\www\hotelapp\vendor\laravel\framework\src\Illuminate\Support\Facades\Facade.php:363
C:\laragon\www\hotelapp\database\migrations\2026_01_01_102330_create_permissions_table.php:14
C:\laragon\www\hotelapp\vendor\laravel\framework\src\Illuminate\Database\Migrations\Migrator.php:517
C:\laragon\www\hotelapp\vendor\laravel\framework\src\Illuminate\Database\Migrations\Migrator.php:442
C:\laragon\www\hotelapp\vendor\laravel\framework\src\Illuminate\Database\Migrations\Migrator.php:451
C:\laragon\www\hotelapp\vendor\laravel\framework\src\Illuminate\Database\Migrations\Migrator.php:253
C:\laragon\www\hotelapp\vendor\laravel\framework\src\Illuminate\Console\View\Components\Task.php:41
C:\laragon\www\hotelapp\vendor\laravel\framework\src\Illuminate\Database\Migrations\Migrator.php:812
C:\laragon\www\hotelapp\vendor\laravel\framework\src\Illuminate\Database\Migrations\Migrator.php:253
C:\laragon\www\hotelapp\vendor\laravel\framework\src\Illuminate\Database\Migrations\Migrator.php:211
C:\laragon\www\hotelapp\vendor\laravel\framework\src\Illuminate\Database\Migrations\Migrator.php:138
C:\laragon\www\hotelapp\vendor\laravel\framework\src\Illuminate\Database\Console\Migrations\MigrateCommand.php:116
C:\laragon\www\hotelapp\vendor\laravel\framework\src\Illuminate\Database\Migrations\Migrator.php:669
C:\laragon\www\hotelapp\vendor\laravel\framework\src\Illuminate\Database\Console\Migrations\MigrateCommand.php:109
C:\laragon\www\hotelapp\vendor\laravel\framework\src\Illuminate\Database\Console\Migrations\MigrateCommand.php:88
C:\laragon\www\hotelapp\vendor\laravel\framework\src\Illuminate\Container\BoundMethod.php:36
C:\laragon\www\hotelapp\vendor\laravel\framework\src\Illuminate\Container\Util.php:43
C:\laragon\www\hotelapp\vendor\laravel\framework\src\Illuminate\Container\BoundMethod.php:96
C:\laragon\www\hotelapp\vendor\laravel\framework\src\Illuminate\Container\BoundMethod.php:35
C:\laragon\www\hotelapp\vendor\laravel\framework\src\Illuminate\Container\Container.php:799
C:\laragon\www\hotelapp\vendor\laravel\framework\src\Illuminate\Console\Command.php:211
C:\laragon\www\hotelapp\vendor\symfony\console\Command\Command.php:341
C:\laragon\www\hotelapp\vendor\laravel\framework\src\Illuminate\Console\Command.php:180
C:\laragon\www\hotelapp\vendor\laravel\framework\src\Illuminate\Console\Concerns\CallsCommands.php:68
C:\laragon\www\hotelapp\vendor\laravel\framework\src\Illuminate\Console\Concerns\CallsCommands.php:29
C:\laragon\www\hotelapp\vendor\laravel\framework\src\Illuminate\Database\Console\Migrations\FreshCommand.php:81
C:\laragon\www\hotelapp\vendor\laravel\framework\src\Illuminate\Container\BoundMethod.php:36
C:\laragon\www\hotelapp\vendor\laravel\framework\src\Illuminate\Container\Util.php:43
C:\laragon\www\hotelapp\vendor\laravel\framework\src\Illuminate\Container\BoundMethod.php:96
C:\laragon\www\hotelapp\vendor\laravel\framework\src\Illuminate\Container\BoundMethod.php:35
C:\laragon\www\hotelapp\vendor\laravel\framework\src\Illuminate\Container\Container.php:799
C:\laragon\www\hotelapp\vendor\laravel\framework\src\Illuminate\Console\Command.php:211
C:\laragon\www\hotelapp\vendor\symfony\console\Command\Command.php:341
C:\laragon\www\hotelapp\vendor\laravel\framework\src\Illuminate\Console\Command.php:180
C:\laragon\www\hotelapp\vendor\symfony\console\Application.php:1079
C:\laragon\www\hotelapp\vendor\symfony\console\Application.php:356
C:\laragon\www\hotelapp\vendor\symfony\console\Application.php:195
C:\laragon\www\hotelapp\vendor\laravel\framework\src\Illuminate\Console\Application.php:165
C:\laragon\www\hotelapp\vendor\laravel\framework\src\Illuminate\Foundation\Console\Kernel.php:447
C:\laragon\www\hotelapp\vendor\laravel\framework\src\Illuminate\Testing\PendingCommand.php:451
C:\laragon\www\hotelapp\vendor\laravel\framework\src\Illuminate\Testing\PendingCommand.php:675
C:\laragon\www\hotelapp\vendor\laravel\framework\src\Illuminate\Foundation\Testing\Concerns\InteractsWithConsole.php:87
C:\laragon\www\hotelapp\vendor\laravel\framework\src\Illuminate\Foundation\Testing\RefreshDatabase.php:119
C:\laragon\www\hotelapp\vendor\laravel\framework\src\Illuminate\Foundation\Testing\RefreshDatabase.php:84
C:\laragon\www\hotelapp\vendor\laravel\framework\src\Illuminate\Foundation\Testing\RefreshDatabase.php:25
C:\laragon\www\hotelapp\vendor\laravel\framework\src\Illuminate\Foundation\Testing\Concerns\InteractsWithTestCaseLifecycle.php:209
C:\laragon\www\hotelapp\vendor\laravel\framework\src\Illuminate\Foundation\Testing\Concerns\InteractsWithTestCaseLifecycle.php:97
C:\laragon\www\hotelapp\vendor\laravel\framework\src\Illuminate\Foundation\Testing\TestCase.php:63
C:\laragon\www\hotelapp\tests\Feature\PosRoomChargeTest.php:25

ERRORS!
Tests: 1, Assertions: 0, Errors: 1, PHPUnit Deprecations: 1.
